| test.html:1:1:1:23 | <h1>...</> |
| test.html:2:1:10:5 | <ul>...</> |
| test.html:5:13:5:44 | <li>...</> |
| test.html:7:13:7:31 | <li>...</> |
